[*] Initializing Travel IoT Router Object...
[*] Target Interface: enP23845p0s0
[+] Binding Travel IP 10.0.8.20061 to enP23845p0s0...
Error: any valid prefix is expected rather than "10.0.8.20061/24".
Failed to start mosquitto.service: Unit mosquitto.service not found.
[*] Booting Virtual Hardware...
c[?7l[2J[0mSeaBIOS (version 1.16.3-debian-1.16.3-2)


iPXE (https://ipxe.org) 00:03.0 CA00 PCI2.10 PnP PMM+0EFCAF10+0EF0AF10 CA00
Press Ctrl-B to configure iPXE (PCI 00:03.0)...                                                                               


Booting from Hard Disk...
GRUB loading....
[0;30;47mWelcome to GRUB![01;01H[0m[2J[H[J[1;1H[?25l[m[H[J[1;1H[2;30HGNU GRUB  version 2.06

[m[4;2H+----------------------------------------------------------------------------+[5;2H|[5;79H|[6;2H|[6;79H|[7;2H|[7;79H|[8;2H|[8;79H|[9;2H|[9;79H|[10;2H|[10;79H|[11;2H|[11;79H|[12;2H|[12;79H|[13;2H|[13;79H|[14;2H|[14;79H|[15;2H|[15;79H|[16;2H+----------------------------------------------------------------------------+[m[17;2H[18;2H[m     Use the ^ and v keys to select which entry is highlighted.          
      Press enter to boot the selected OS, `e' to edit the commands       
      before booting or `c' for a command-line. ESC to return             
      previous menu.                                                      [5;80H [7m[5;3H*OpenWrt                                                                    [m[5;78H[m[m[6;3H OpenWrt (failsafe)                                                         [m[6;78H[m[m[7;3H                                                                            [m[7;78H[m[m[8;3H                                                                            [m[8;78H[m[m[9;3H                                                                            [m[9;78H[m[m[10;3H                                                                            [m[10;78H[m[m[11;3H                                                                            [m[11;78H[m[m[12;3H                                                                            [m[12;78H[m[m[13;3H                                                                            [m[13;78H[m[m[14;3H                                                                            [m[14;78H[m[m[15;3H                                                                            [m[15;78H[m[15;80H [5;78H[2J[02;30HGNU GRUB  version 2.06[04;02H┌────────────────────────────[04;30H[04;31H────────────────────────────────────────────────┐[05;02H│[05;79H│[06;02H│[06;79H│[07;02H│[07;79H│[08;02H│[08;79H│[09;02H│[09;79H│[10;02H│[10;79H│[11;02H│[11;79H│[12;02H│[12;79H│[13;02H│[13;79H│[14;02H│[14;79H│[15;02H│[15;79H│[16;02H│[16;79H│[17;02H└─────────────────────────────────────────────────────────────────────[17;71H[17;72H───────┘[19;02H     Use the ↑ and ↓ keys to select which entry is highlighted.          
      Press enter to boot the selected OS, `e' to edit the commands       
      before booting or `c' for a command-line. ESC to return             
      previous menu.                                                      [05;80H [05;03H[0;30;47m*OpenWrt      [05;16H[05;17H                                                              [06;03H[0m OpenWrt (failsafe)                                                         [07;03H                                                                            [08;03H                                                                            [09;03H                                                                            [10;03H                                                                            [11;03H                                                            [11;62H[11;63H                [12;03H                                                                            [13;03H                                                                            [14;03H                                                                            [15;03H                                                                            [16;03H                      [16;24H[16;25H                                                      [16;80H 






   The highlighted entry will be executed automatically in 5s.                [22;1H   The highlighted entry will be executed automatically in 5s.                 [5;78H [05;78H

















   The highlighted entry will be executed automatically in 4s.         [23;71H[23;72H       [22;1H   The highlighted entry will be executed automatically in 4s.                 [5;78H [05;78H

















   The highlighted entry will be executed automatically in 3s.                [22;1H   The highlighted entry will be executed automatically in 3s.                 [5;78H [05;78H

















   The highlighted entry will be executed automatically in 2s.                [22;1H   The highlighted entry will be executed automatically in 2s.                 [5;78H [05;78H

















   The highlighted entry will be executed automatically in 1s.                [22;1H   The highlighted entry will be executed automatically in 1s.                 [5;78H [05;78H

















   The highlighted entry will be executed automatically in 0s.                [22;1H   The highlighted entry will be executed automatically in 0s.                 [5;78H [01;01H[2J[?25h[H[J[1;1H[H[J[1;1H[2J   Booting `OpenWrt' Booting `OpenWrt

'

[    0.000000] Linux version 5.15.134 (builder@buildhost) (x86_64-openwrt-linux-musl-gcc (OpenWrt GCC 12.3.0 r23497-6637af95aa) 12.3.0, GNU ld (GNU Binutils) 2.40.0) #0 SMP Mon Oct 9 21:45:35 2023
[    0.000000] Command line: BOOT_IMAGE=/boot/vmlinuz root=PARTUUID=0bf605d0-65dd-058c-3548-b83d11220202 rootwait console=tty0 console=ttyS0,115200n8 noinitrd
[    0.000000] BIOS-provided physical RAM map:
[    0.000000] BIOS-e820: [mem 0x0000000000000000-0x000000000009fbff] usable
[    0.000000] BIOS-e820: [mem 0x000000000009fc00-0x000000000009ffff] reserved
[    0.000000] BIOS-e820: [mem 0x00000000000f0000-0x00000000000fffff] reserved
[    0.000000] BIOS-e820: [mem 0x0000000000100000-0x000000000ffdcfff] usable
[    0.000000] BIOS-e820: [mem 0x000000000ffdd000-0x000000000fffffff] reserved
[    0.000000] BIOS-e820: [mem 0x00000000fffc0000-0x00000000ffffffff] reserved
[    0.000000] BIOS-e820: [mem 0x000000fd00000000-0x000000ffffffffff] reserved
[    0.000000] NX (Execute Disable) protection: active
[    0.000000] SMBIOS 3.0.0 present.
[    0.000000] DMI: QEMU Ubuntu 24.04 PC v2 (i440FX + PIIX, arch_caps fix, 1996), BIOS 1.16.3-debian-1.16.3-2 04/01/2014
[    0.000000] tsc: Fast TSC calibration using PIT
[    0.000000] tsc: Detected 2395.311 MHz processor
[    0.008966] AGP: No AGP bridge found
[    0.009191] last_pfn = 0xffdd max_arch_pfn = 0x400000000
[    0.010110] x86/PAT: Configuration [0-7]: WB  WC  UC- UC  WB  WP  UC- WT  
[    0.032918] found SMP MP-table at [mem 0x000f5470-0x000f547f]
[    0.038251] ACPI: Early table checksum verification disabled
[    0.038610] ACPI: RSDP 0x00000000000F5280 000014 (v00 BOCHS )
[    0.038975] ACPI: RSDT 0x000000000FFE1C58 000034 (v01 BOCHS  BXPC     00000001 BXPC 00000001)
[    0.039463] ACPI: FACP 0x000000000FFE1B0C 000074 (v01 BOCHS  BXPC     00000001 BXPC 00000001)
[    0.040696] ACPI: DSDT 0x000000000FFE0040 001ACC (v01 BOCHS  BXPC     00000001 BXPC 00000001)
[    0.040818] ACPI: FACS 0x000000000FFE0000 000040
[    0.040877] ACPI: APIC 0x000000000FFE1B80 000078 (v03 BOCHS  BXPC     00000001 BXPC 00000001)
[    0.040909] ACPI: HPET 0x000000000FFE1BF8 000038 (v01 BOCHS  BXPC     00000001 BXPC 00000001)
[    0.040937] ACPI: WAET 0x000000000FFE1C30 000028 (v01 BOCHS  BXPC     00000001 BXPC 00000001)
[    0.041051] ACPI: Reserving FACP table memory at [mem 0xffe1b0c-0xffe1b7f]
[    0.041112] ACPI: Reserving DSDT table memory at [mem 0xffe0040-0xffe1b0b]
[    0.041124] ACPI: Reserving FACS table memory at [mem 0xffe0000-0xffe003f]
[    0.041134] ACPI: Reserving APIC table memory at [mem 0xffe1b80-0xffe1bf7]
[    0.041144] ACPI: Reserving HPET table memory at [mem 0xffe1bf8-0xffe1c2f]
[    0.041155] ACPI: Reserving WAET table memory at [mem 0xffe1c30-0xffe1c57]
[    0.046293] Zone ranges:
[    0.046361]   DMA      [mem 0x0000000000001000-0x0000000000ffffff]
[    0.046446]   DMA32    [mem 0x0000000001000000-0x000000000ffdcfff]
[    0.046462]   Normal   empty
[    0.046520] Movable zone start for each node
[    0.046556] Early memory node ranges
[    0.046587]   node   0: [mem 0x0000000000001000-0x000000000009efff]
[    0.046624]   node   0: [mem 0x0000000000100000-0x000000000ffdcfff]
[    0.046749] Initmem setup node 0 [mem 0x0000000000001000-0x000000000ffdcfff]
[    0.047551] On node 0, zone DMA: 1 pages in unavailable ranges
[    0.047920] On node 0, zone DMA: 97 pages in unavailable ranges
[    0.051324] On node 0, zone DMA32: 35 pages in unavailable ranges
[    0.051885] ACPI: PM-Timer IO Port: 0x608
[    0.052757] ACPI: LAPIC_NMI (acpi_id[0xff] dfl dfl lint[0x1])
[    0.053174] IOAPIC[0]: apic_id 0, version 32, address 0xfec00000, GSI 0-23
[    0.053297] ACPI: INT_SRC_OVR (bus 0 bus_irq 0 global_irq 2 dfl dfl)
[    0.053613] ACPI: INT_SRC_OVR (bus 0 bus_irq 5 global_irq 5 high level)
[    0.053670] ACPI: INT_SRC_OVR (bus 0 bus_irq 9 global_irq 9 high level)
[    0.053800] ACPI: INT_SRC_OVR (bus 0 bus_irq 10 global_irq 10 high level)
[    0.053816] ACPI: INT_SRC_OVR (bus 0 bus_irq 11 global_irq 11 high level)
[    0.053985] ACPI: Using ACPI (MADT) for SMP configuration information
[    0.054035] ACPI: HPET id: 0x8086a201 base: 0xfed00000
[    0.054456] smpboot: Allowing 1 CPUs, 0 hotplug CPUs
[    0.056398] [mem 0x10000000-0xfffbffff] available for PCI devices
[    0.056452] Booting paravirtualized kernel on bare hardware
[    0.056775] clocksource: refined-jiffies: mask: 0xffffffff max_cycles: 0xffffffff, max_idle_ns: 19112604462750000 ns
[    0.057470] setup_percpu: NR_CPUS:512 nr_cpumask_bits:512 nr_cpu_ids:1 nr_node_ids:1
[    0.065943] percpu: Embedded 44 pages/cpu s142936 r8192 d29096 u2097152
[    0.069097] Built 1 zonelists, mobility grouping on.  Total pages: 64221
[    0.069330] Kernel command line: BOOT_IMAGE=/boot/vmlinuz root=PARTUUID=0bf605d0-65dd-058c-3548-b83d11220202 rootwait console=tty0 console=ttyS0,115200n8 noinitrd
[    0.070447] Unknown kernel command line parameters "BOOT_IMAGE=/boot/vmlinuz", will be passed to user space.
[    0.141949] Dentry cache hash table entries: 32768 (order: 6, 262144 bytes, linear)
[    0.175880] Inode-cache hash table entries: 16384 (order: 5, 131072 bytes, linear)
[    0.178093] mem auto-init: stack:off, heap alloc:off, heap free:off
[    0.178537] AGP: Checking aperture...
[    0.180198] AGP: No AGP bridge found
[    0.185362] Memory: 231424K/261612K available (14338K kernel code, 1153K rwdata, 2412K rodata, 1592K init, 1228K bss, 29932K reserved, 0K cma-reserved)
[    0.191591] SLUB: HWalign=64, Order=0-3, MinObjects=0, CPUs=1, Nodes=1
[    0.199216] rcu: Hierarchical RCU implementation.
[    0.199281] rcu: 	RCU restricting CPUs from NR_CPUS=512 to nr_cpu_ids=1.
[    0.199385] 	Tracing variant of Tasks RCU enabled.
[    0.199465] rcu: RCU calculated value of scheduler-enlistment delay is 10 jiffies.
[    0.199500] rcu: Adjusting geometry for rcu_fanout_leaf=16, nr_cpu_ids=1
[    0.200234] NR_IRQS: 33024, nr_irqs: 256, preallocated irqs: 16
[    0.215232] Console: colour VGA+ 80x25
[    0.221470] printk: console [tty0] enabled
[    0.243541] printk: console [ttyS0] enabled
[    0.244378] ACPI: Core revision 20210730
[    0.250473] clocksource: hpet: mask: 0xffffffff max_cycles: 0xffffffff, max_idle_ns: 19112604467 ns
[    0.254652] APIC: Switch to symmetric I/O mode setup
[    0.259389] ..TIMER: vector=0x30 apic1=0 pin1=2 apic2=-1 pin2=-1
[    0.302408] clocksource: tsc-early: mask: 0xffffffffffffffff max_cycles: 0x2286e9dcf3a, max_idle_ns: 440795203400 ns
[    0.303111] Calibrating delay loop (skipped), value calculated using timer frequency.. 4790.62 BogoMIPS (lpj=23953110)
[    0.305897] process: using AMD E400 aware idle routine
[    0.306237] Last level iTLB entries: 4KB 512, 2MB 255, 4MB 127
[    0.306457] Last level dTLB entries: 4KB 512, 2MB 255, 4MB 127, 1GB 0
[    0.306856] Spectre V1 : Mitigation: usercopy/swapgs barriers and __user pointer sanitization
[    0.307256] Spectre V2 : Mitigation: Retpolines
[    0.307448] Spectre V2 : Spectre v2 / SpectreRSB mitigation: Filling RSB on context switch
[    0.307758] Spectre V2 : Spectre v2 / SpectreRSB : Filling RSB on VMEXIT
[    0.308646] x86/fpu: x87 FPU will use FXSAVE
[    0.636298] Freeing SMP alternatives memory: 44K
[    0.637490] pid_max: default: 32768 minimum: 301
[    0.647834] Mount-cache hash table entries: 512 (order: 0, 4096 bytes, linear)
[    0.649065] Mountpoint-cache hash table entries: 512 (order: 0, 4096 bytes, linear)
[    0.800517] smpboot: CPU0: AMD QEMU Virtual CPU version 2.5+ (family: 0xf, model: 0x6b, stepping: 0x1)
[    0.803008] Performance Events: PMU not available due to virtualization, using software events only.
[    0.803008] signal: max sigframe size: 1040
[    0.803008] rcu: Hierarchical SRCU implementation.
[    0.803318] smp: Bringing up secondary CPUs ...
[    0.803615] smp: Brought up 1 node, 1 CPU
[    0.803807] smpboot: Max logical packages: 1
[    0.804011] smpboot: Total of 1 processors activated (4790.62 BogoMIPS)
[    0.818606] clocksource: jiffies: mask: 0xffffffff max_cycles: 0xffffffff, max_idle_ns: 19112604462750000 ns
[    0.819844] futex hash table entries: 256 (order: 2, 16384 bytes, linear)
[    0.822084] pinctrl core: initialized pinctrl subsystem
[    0.833900] NET: Registered PF_NETLINK/PF_ROUTE protocol family
[    0.840087] thermal_sys: Registered thermal governor 'step_wise'
[    0.840144] thermal_sys: Registered thermal governor 'user_space'
[    0.840623] cpuidle: using governor ladder
[    0.842162] ACPI: bus type PCI registered
[    0.842401] acpiphp: ACPI Hot Plug PCI Controller Driver version: 0.5
[    0.845283] PCI: Using configuration type 1 for base access
[    0.871132] cryptd: max_cpu_qlen set to 1000
[    0.877257] ACPI: Added _OSI(Module Device)
[    0.877545] ACPI: Added _OSI(Processor Device)
[    0.877707] ACPI: Added _OSI(3.0 _SCP Extensions)
[    0.877869] ACPI: Added _OSI(Processor Aggregator Device)
[    0.878183] ACPI: Added _OSI(Linux-Dell-Video)
[    0.878351] ACPI: Added _OSI(Linux-Lenovo-NV-HDMI-Audio)
[    0.878533] ACPI: Added _OSI(Linux-HPI-Hybrid-Graphics)
[    0.892505] ACPI: 1 ACPI AML tables successfully acquired and loaded
[    0.911718] ACPI: Interpreter enabled
[    0.912450] ACPI: PM: (supports S0 S5)
[    0.912664] ACPI: Using IOAPIC for interrupt routing
[    0.913492] PCI: Using host bridge windows from ACPI; if necessary, use "pci=nocrs" and report a bug
[    0.915321] ACPI: Enabled 2 GPEs in block 00 to 0F
[    0.945538] ACPI: PCI Root Bridge [PCI0] (domain 0000 [bus 00-ff])
[    0.946487] acpi PNP0A03:00: _OSC: OS supports [ASPM ClockPM Segments MSI HPX-Type3]
[    0.951043] acpiphp: Slot [3] registered
[    0.951720] acpiphp: Slot [4] registered
[    0.952054] acpiphp: Slot [5] registered
[    0.952296] acpiphp: Slot [6] registered
[    0.952513] acpiphp: Slot [7] registered
[    0.952728] acpiphp: Slot [8] registered
[    0.953074] acpiphp: Slot [9] registered
[    0.953339] acpiphp: Slot [10] registered
[    0.953556] acpiphp: Slot [11] registered
[    0.953827] acpiphp: Slot [12] registered
[    0.954712] acpiphp: Slot [13] registered
[    0.956326] acpiphp: Slot [14] registered
[    0.956894] acpiphp: Slot [15] registered
[    0.957518] acpiphp: Slot [16] registered
[    0.958061] acpiphp: Slot [17] registered
[    0.958619] acpiphp: Slot [18] registered
[    0.959717] acpiphp: Slot [19] registered
[    0.960369] acpiphp: Slot [20] registered
[    0.961114] acpiphp: Slot [21] registered
[    0.961589] acpiphp: Slot [22] registered
[    0.962618] acpiphp: Slot [23] registered
[    0.964160] acpiphp: Slot [24] registered
[    0.964578] acpiphp: Slot [25] registered
[    0.965136] acpiphp: Slot [26] registered
[    0.965992] acpiphp: Slot [27] registered
[    0.966661] acpiphp: Slot [28] registered
[    0.967638] acpiphp: Slot [29] registered
[    0.967999] acpiphp: Slot [30] registered
[    0.968234] acpiphp: Slot [31] registered
[    0.968649] PCI host bridge to bus 0000:00
[    0.968949] pci_bus 0000:00: root bus resource [io  0x0000-0x0cf7 window]
[    0.969332] pci_bus 0000:00: root bus resource [io  0x0d00-0xffff window]
[    0.969561] pci_bus 0000:00: root bus resource [mem 0x000a0000-0x000bffff window]
[    0.969971] pci_bus 0000:00: root bus resource [mem 0x10000000-0xfebfffff window]
[    0.970264] pci_bus 0000:00: root bus resource [mem 0x100000000-0x17fffffff window]
[    0.970806] pci_bus 0000:00: root bus resource [bus 00-ff]
[    0.973083] pci 0000:00:00.0: [8086:1237] type 00 class 0x060000
[    0.977975] pci 0000:00:01.0: [8086:7000] type 00 class 0x060100
[    0.979734] pci 0000:00:01.1: [8086:7010] type 00 class 0x010180
[    0.983732] pci 0000:00:01.1: reg 0x20: [io  0xc0a0-0xc0af]
[    0.985580] pci 0000:00:01.1: legacy IDE quirk: reg 0x10: [io  0x01f0-0x01f7]
[    0.986007] pci 0000:00:01.1: legacy IDE quirk: reg 0x14: [io  0x03f6]
[    0.986557] pci 0000:00:01.1: legacy IDE quirk: reg 0x18: [io  0x0170-0x0177]
[    0.986927] pci 0000:00:01.1: legacy IDE quirk: reg 0x1c: [io  0x0376]
[    0.988701] pci 0000:00:01.3: [8086:7113] type 00 class 0x068000
[    0.989518] pci 0000:00:01.3: quirk: [io  0x0600-0x063f] claimed by PIIX4 ACPI
[    0.989849] pci 0000:00:01.3: quirk: [io  0x0700-0x070f] claimed by PIIX4 SMB
[    0.991230] pci 0000:00:02.0: [1234:1111] type 00 class 0x030000
[    0.993745] pci 0000:00:02.0: reg 0x10: [mem 0xfd000000-0xfdffffff pref]
[    0.996091] pci 0000:00:02.0: reg 0x18: [mem 0xfeb90000-0xfeb90fff]
[    1.001563] pci 0000:00:02.0: reg 0x30: [mem 0xfeb80000-0xfeb8ffff pref]
[    1.002314] pci 0000:00:02.0: Video device with shadowed ROM at [mem 0x000c0000-0x000dffff]
[    1.005087] pci 0000:00:03.0: [1af4:1000] type 00 class 0x020000
[    1.008293] pci 0000:00:03.0: reg 0x10: [io  0xc080-0xc09f]
[    1.009561] pci 0000:00:03.0: reg 0x14: [mem 0xfeb91000-0xfeb91fff]
[    1.012665] pci 0000:00:03.0: reg 0x20: [mem 0xfe000000-0xfe003fff 64bit pref]
[    1.013886] pci 0000:00:03.0: reg 0x30: [mem 0xfeb00000-0xfeb7ffff pref]
[    1.021123] pci 0000:00:04.0: [1af4:1001] type 00 class 0x010000
[    1.023058] pci 0000:00:04.0: reg 0x10: [io  0xc000-0xc07f]
[    1.025134] pci 0000:00:04.0: reg 0x14: [mem 0xfeb92000-0xfeb92fff]
[    1.027321] pci 0000:00:04.0: reg 0x20: [mem 0xfe004000-0xfe007fff 64bit pref]
[    1.037983] ACPI: PCI: Interrupt link LNKA configured for IRQ 10
[    1.038813] ACPI: PCI: Interrupt link LNKB configured for IRQ 10
[    1.039662] ACPI: PCI: Interrupt link LNKC configured for IRQ 11
[    1.040441] ACPI: PCI: Interrupt link LNKD configured for IRQ 11
[    1.040858] ACPI: PCI: Interrupt link LNKS configured for IRQ 9
[    1.044530] iommu: Default domain type: Translated 
[    1.044850] iommu: DMA domain TLB invalidation policy: lazy mode 
[    1.046761] SCSI subsystem initialized
[    1.048345] ACPI: bus type USB registered
[    1.048849] usbcore: registered new interface driver usbfs
[    1.049268] usbcore: registered new interface driver hub
[    1.049605] usbcore: registered new device driver usb
[    1.050157] pps_core: LinuxPPS API ver. 1 registered
[    1.050486] pps_core: Software ver. 5.3.6 - Copyright 2005-2007 Rodolfo Giometti <giometti@linux.it>
[    1.051378] PTP clock support registered
[    1.061826] PCI: Using ACPI for IRQ routing
[    1.067973] hpet: 3 channels of 0 reserved for per-cpu timers
[    1.068554] hpet0: at MMIO 0xfed00000, IRQs 2, 8, 0
[    1.068807] hpet0: 3 comparators, 64-bit 100.000000 MHz counter
[    1.077132] clocksource: Switched to clocksource tsc-early
[    1.079320] pnp: PnP ACPI init
[    1.081601] pnp: PnP ACPI: found 6 devices
[    1.094014] clocksource: acpi_pm: mask: 0xffffff max_cycles: 0xffffff, max_idle_ns: 2085701024 ns
[    1.095199] NET: Registered PF_INET protocol family
[    1.096986] IP idents hash table entries: 4096 (order: 3, 32768 bytes, linear)
[    1.103563] tcp_listen_portaddr_hash hash table entries: 256 (order: 0, 4096 bytes, linear)
[    1.104298] Table-perturb hash table entries: 65536 (order: 6, 262144 bytes, linear)
[    1.104625] TCP established hash table entries: 2048 (order: 2, 16384 bytes, linear)
[    1.105045] TCP bind hash table entries: 2048 (order: 3, 32768 bytes, linear)
[    1.105387] TCP: Hash tables configured (established 2048 bind 2048)
[    1.106620] UDP hash table entries: 256 (order: 1, 8192 bytes, linear)
[    1.107091] UDP-Lite hash table entries: 256 (order: 1, 8192 bytes, linear)
[    1.108692] NET: Registered PF_UNIX/PF_LOCAL protocol family
[    1.110007] pci_bus 0000:00: resource 4 [io  0x0000-0x0cf7 window]
[    1.110275] pci_bus 0000:00: resource 5 [io  0x0d00-0xffff window]
[    1.110488] pci_bus 0000:00: resource 6 [mem 0x000a0000-0x000bffff window]
[    1.110715] pci_bus 0000:00: resource 7 [mem 0x10000000-0xfebfffff window]
[    1.110961] pci_bus 0000:00: resource 8 [mem 0x100000000-0x17fffffff window]
[    1.111704] pci 0000:00:01.0: PIIX3: Enabling Passive Release
[    1.112035] pci 0000:00:00.0: Limiting direct PCI/PCI transfers
[    1.112357] pci 0000:00:01.0: Activating ISA DMA hang workarounds
[    1.112649] PCI: CLS 0 bytes, default 64
[    1.153277] workingset: timestamp_bits=46 max_order=16 bucket_order=0
[    1.164181] squashfs: version 4.0 (2009/01/31) Phillip Lougher
[    1.168311] Block layer SCSI generic (bsg) driver version 0.4 loaded (major 247)
[    1.172946] hv_vmbus: registering driver hyperv_fb
[    1.176366] input: Power Button as /devices/LNXSYSTM:00/LNXPWRBN:00/input/input0
[    1.184719] ACPI: button: Power Button [PWRF]
[    1.375834] ACPI: \_SB_.LNKC: Enabled at IRQ 11
[    1.538357] ACPI: \_SB_.LNKD: Enabled at IRQ 10
[    1.540569] Serial: 8250/16550 driver, 16 ports, IRQ sharing enabled
[    1.565276] 00:04: ttyS0 at I/O 0x3f8 (irq = 4, base_baud = 115200) is a 16550A
[    1.584560] Non-volatile memory driver v1.3
[    1.586940] Linux agpgart interface v0.103
[    1.587685] AMD-Vi: AMD IOMMUv2 functionality not available on this system - This is not a bug.
[    1.591042] [drm] Found bochs VGA, ID 0xb0c5.
[    1.591297] [drm] Framebuffer size 16384 kB @ 0xfd000000, mmio @ 0xfeb90000.
[    1.594190] [drm] Found EDID data blob.
[    1.598224] [drm] Initialized bochs-drm 1.0.0 20130925 for 0000:00:02.0 on minor 0
[    1.617969] fbcon: bochs-drmdrmfb (fb0) is primary device
[    1.647681] Console: switching to colour frame buffer device 160x50
[    1.660224] bochs-drm 0000:00:02.0: [drm] fb0: bochs-drmdrmfb frame buffer device
[    1.681481] loop: module loaded
[    1.692937] virtio_blk virtio1: [vda] 246335 512-byte logical blocks (126 MB/120 MiB)
[    1.712169] Alternate GPT is invalid, using primary GPT.
[    1.712975]  vda: vda1 vda2 vda128
[    1.717617] Guest personality initialized and is inactive
[    1.718291] VMCI host device registered (name=vmci, major=10, minor=127)
[    1.718543] Initialized host personality
[    1.719149] Loading iSCSI transport class v2.0-870.
[    1.725852] VMware PVSCSI driver - version 1.0.7.0-k
[    1.726382] hv_vmbus: registering driver hv_storvsc
[    1.741570] scsi host0: ata_piix
[    1.747258] scsi host1: ata_piix
[    1.748336] ata1: PATA max MWDMA2 cmd 0x1f0 ctl 0x3f6 bmdma 0xc0a0 irq 14
[    1.748733] ata2: PATA max MWDMA2 cmd 0x170 ctl 0x376 bmdma 0xc0a8 irq 15
[    1.757637] VMware vmxnet3 virtual NIC driver - version 1.6.0.0-k-NAPI
[    1.758171] hv_vmbus: registering driver hv_netvsc
[    1.758707] Fusion MPT base driver 3.04.20
[    1.758978] Copyright (c) 1999-2008 LSI Corporation
[    1.760578] Fusion MPT SPI Host driver 3.04.20
[    1.761252] Fusion MPT SAS Host driver 3.04.20
[    1.762942] ehci_hcd: USB 2.0 'Enhanced' Host Controller (EHCI) Driver
[    1.763371] ehci-pci: EHCI PCI platform driver
[    1.763885] ohci_hcd: USB 1.1 'Open' Host Controller (OHCI) Driver
[    1.768524] ohci-pci: OHCI PCI platform driver
[    1.771016] ohci-platform: OHCI generic platform driver
[    1.774252] uhci_hcd: USB Universal Host Controller Interface driver
[    1.777877] usbcore: registered new interface driver usb-storage
[    1.781579] i8042: PNP: PS/2 Controller [PNP0303:KBD,PNP0f13:MOU] at 0x60,0x64 irq 1,12
[    1.789093] serio: i8042 KBD port at 0x60,0x64 irq 1
[    1.791447] serio: i8042 AUX port at 0x60,0x64 irq 12
[    1.794141] hv_vmbus: registering driver hyperv_keyboard
[    1.797285] rtc_cmos 00:05: RTC can wake from S4
[    1.805985] rtc_cmos 00:05: registered as rtc0
[    1.810237] rtc_cmos 00:05: setting system clock to 2026-05-12T20:47:34 UTC (1778618854)
[    1.813238] rtc_cmos 00:05: alarms up to one day, y3k, 242 bytes nvram, hpet irqs
[    1.815949] fail to initialize ptp_kvm
[    1.817730] sdhci: Secure Digital Host Controller Interface driver
[    1.823887] sdhci: Copyright(c) Pierre Ossman
[    1.841077] input: AT Translated Set 2 keyboard as /devices/platform/i8042/serio0/input/input1
[    1.863947] hid: raw HID events driver (C) Jiri Kosina
[    1.867924] hv_vmbus: registering driver hid_hyperv
[    1.870865] usbcore: registered new interface driver usbhid
[    1.873153] usbhid: USB HID core driver
[    1.875991] hv_utils: Registering HyperV Utility Driver
[    1.878169] hv_vmbus: registering driver hv_utils
[    1.880654] hv_vmbus: registering driver hv_balloon
[    1.890808] NET: Registered PF_INET6 protocol family
[    1.910427] Segment Routing with IPv6
[    1.913742] In-situ OAM (IOAM) with IPv6
[    1.917182] NET: Registered PF_PACKET protocol family
[    1.920600] bridge: filtering via arp/ip/ip6tables is no longer available by default. Update your scripts to load br_netfilter if you need this.
[    1.928393] 8021q: 802.1Q VLAN Support v1.8
[    1.931836] NET: Registered PF_VSOCK protocol family
[    1.942813] IPI shorthand broadcast: enabled
[    1.946374] sched_clock: Marking stable (1910864234, 34411587)->(1955475059, -10199238)
[    2.018032] ata2.00: ATAPI: QEMU DVD-ROM, 2.5+, max UDMA/100
[    2.034039] scsi 1:0:0:0: CD-ROM            QEMU     QEMU DVD-ROM     2.5+ PQ: 0 ANSI: 5
[    2.089075] sr 1:0:0:0: [sr0] scsi3-mmc drive: 4x/4x cd/rw xa/form2 tray
[    2.092542] cdrom: Uniform CD-ROM driver Revision: 3.20
[    2.162507] EXT4-fs (vda2): mounted filesystem without journal. Opts: (null). Quota mode: disabled.
[    2.167182] VFS: Mounted root (ext4 filesystem) readonly on device 254:2.
[    2.253673] Freeing unused kernel image (initmem) memory: 1592K
[    2.258480] tsc: Refined TSC clocksource calibration: 2395.321 MHz
[    2.262073] clocksource: tsc: mask: 0xffffffffffffffff max_cycles: 0x2286f377b29, max_idle_ns: 440795306601 ns
[    2.267277] clocksource: Switched to clocksource tsc
[    2.276294] Write protecting the kernel read-only data: 20480k
[    2.283592] Freeing unused kernel image (text/rodata gap) memory: 2044K
[    2.289692] Freeing unused kernel image (rodata/data gap) memory: 1684K
[    2.293410] Run /sbin/init as init process
[    2.432771] init: Console is alive
[    2.803527] kmodloader: loading kernel modules from /etc/modules-boot.d/*
[    2.866983] Button Hotplug driver version 0.4.1
[    2.898230] igb: Intel(R) Gigabit Ethernet Network Driver
[    2.901246] igb: Copyright (c) 2007-2014 Intel Corporation.
[    2.910100] kmodloader: done loading kernel modules from /etc/modules-boot.d/*
[    2.932717] init: - preinit -
[    3.382622] random: jshn: uninitialized urandom read (4 bytes read)
[    3.477184] random: jshn: uninitialized urandom read (4 bytes read)
[    3.540780] random: jshn: uninitialized urandom read (4 bytes read)
[    3.876742] 8021q: adding VLAN 0 to HW filter on device eth0
Press the [f] key and hit [enter] to enter failsafe mode
Press the [1], [2], [3] or [4] key and hit [enter] to select the debug level
[    6.549208] mount_root: mounting /dev/root
[    6.557838] EXT4-fs (vda2): warning: mounting unchecked fs, running e2fsck is recommended
[    6.588634] EXT4-fs (vda2): re-mounted. Opts: (null). Quota mode: disabled.
[    7.513746] random: procd: uninitialized urandom read (4 bytes read)
[    7.572455] FAT-fs (vda1): Volume was not properly unmounted. Some data may be corrupt. Please run fsck.
[    7.602029] urandom-seed: Seeding with /etc/urandom.seed
[    7.766604] procd: - early -
[    8.639295] procd: - ubus -
[    8.700893] random: ubusd: uninitialized urandom read (4 bytes read)
[    8.723012] random: ubusd: uninitialized urandom read (4 bytes read)
[    8.736925] random: ubusd: uninitialized urandom read (4 bytes read)
[    8.759631] procd: - init -
Please press Enter to activate this console.
[   10.237605] random: jshn: uninitialized urandom read (4 bytes read)
[   10.321157] random: ubusd: uninitialized urandom read (4 bytes read)
[   10.347925] random: ubus: uninitialized urandom read (4 bytes read)
[   10.738680] urngd: v1.0.2 started.
[   10.872220] kmodloader: loading kernel modules from /etc/modules.d/*
[   11.165318] NET: Registered PF_ALG protocol family
[   11.281697] NET: Registered PF_KEY protocol family
[   11.318501] Initializing XFRM netlink socket
[   11.361510] tun: Universal TUN/TAP device driver, 1.6
[   11.536665] e1000: Intel(R) PRO/1000 Network Driver
[   11.539160] e1000: Copyright (c) 1999-2006 Intel Corporation.
[   11.550801] random: crng init done
[   11.553292] random: 22 urandom warning(s) missed due to ratelimiting
[   11.571103] ixgbe: Intel(R) 10 Gigabit PCI Express Network Driver
[   11.573612] ixgbe: Copyright (c) 1999-2016 Intel Corporation.
[   11.652583] i2c_dev: i2c /dev entries driver
[   11.745686] e1000e: Intel(R) PRO/1000 Network Driver
[   11.749128] e1000e: Copyright(c) 1999 - 2015 Intel Corporation.
[   11.778062] Intel(R) 2.5G Ethernet Linux Driver
[   11.781374] Copyright(c) 2018 Intel Corporation.
[   11.872307] usbcore: registered new interface driver r8152
[   12.029896] xt_time: kernel timezone is -0000
[   12.051598] usbcore: registered new interface driver ax88179_178a
[   12.069059] usbcore: registered new interface driver cdc_ether
[   12.082034] usbcore: registered new interface driver cdc_ncm
[   12.210294] PPP generic driver version 2.4.2
[   12.225193] NET: Registered PF_PPPOX protocol family
[   12.269905] kmodloader: done loading kernel modules from /etc/modules.d/*
[   22.034085] 8021q: adding VLAN 0 to HW filter on device eth0
[   34.816633] clocksource: timekeeping watchdog on CPU0: Marking clocksource 'tsc' as unstable because the skew is too large:
[   34.826246] clocksource:                       'hpet' wd_nsec: 486207710 wd_now: ce006a80 wd_last: cb1a859d mask: ffffffff
[   34.832935] clocksource:                       'tsc' cs_nsec: 501105216 cs_now: 19202b7d7c cs_last: 18d8a03f0a mask: ffffffffffffffff
[   34.836684] clocksource:                       'tsc' is current clocksource.
[   34.840880] tsc: Marking TSC unstable due to clocksource watchdog
[   34.865234] TSC found unstable after boot, most likely due to broken BIOS. Use 'tsc=unstable'.
[   34.870312] sched_clock: Marking unstable (34830757537, 34411806)<-(34875373720, -10199238)
[   34.918262] clocksource: Not enough CPUs to check clocksource 'tsc'.
[   34.930199] clocksource: Switched to clocksource hpet
qemu-system-x86_64: terminating on signal 1 from pid 1 (/usr/lib/systemd/systemd-shutdown)
